// Vitest Snapshot v1, https://vitest.dev/guide/snapshot.html

exports[`defaultFetcher() > should throw an error if response is not ok > [Error: Request failed with status 403] 1`] = `[Error: Request failed with status 404]`;
